[github.com/handsontable.html]
[assets-cdn.github.com/assets/frameworks-bedfc518345498ab3204d330c1727cde7e733526a09cd7df6867f6a231565091.css]
[backblue.gif]
[fade.gif]
[index.html]
[assets-cdn.github.com/assets/site-877643c520258c4fa15ac8d1664d84efd0e3db56f5e544ccac58da0e50489904.css]
[assets-cdn.github.com/assets/github-a1f1041276ec59b7ad51bdbd35d2d73f15f99aebe2686a60e9cd9f705b57d220.css]
[github.com/opensearch.xml]
[github.com/fluidicon.png]
[github.com/features.html]
[github.com/index.html]
[github.com/business.html]
[github.com/explore.html]
[github.com/marketplace.html]
[github.com/pricing.html]
[github.com/login95e3.html]
[github.com/logincb83.html]
[github.com/joinaebb.html]
[github.com/orgs/handsontable/people.html]
[assets-cdn.github.com/images/spinners/octocat-spinner-32.gif]
[github.com/handsontable/handsontable.html]
[github.com/handsontable/handsontable/stargazers.html]
[github.com/handsontable/handsontable/network.html]
[github.com/handsontable/handsontable-pro.html]
[github.com/handsontable/handsontable-pro/stargazers.html]
[github.com/handsontable/handsontable-pro/network.html]
[github.com/handsontable/angular-handsontable.html]
[github.com/handsontable/angular-handsontable/stargazers.html]
[github.com/handsontable/angular-handsontable/network.html]
[github.com/handsontable/react-handsontable.html]
[github.com/handsontable/react-handsontable/stargazers.html]
[github.com/handsontable/react-handsontable/network.html]
[github.com/handsontable/vue-handsontable-official.html]
[github.com/handsontable/vue-handsontable-official/stargazers.html]
[github.com/handsontable/vue-handsontable-official/network.html]
[github.com/handsontable/hot-builder.html]
[github.com/handsontable/hot-builder/stargazers.html]
[github.com/handsontable/hot-builder/network.html]
[github.com/handsontable/handsontable/graphs/participation48a6.html]
[github.com/search1c76.html]
[github.com/searchddfb.html]
[github.com/searche652.html]
[github.com/search3d4d.html]
[github.com/search8797.html]
[github.com/search4b96.html]
[github.com/search495d.html]
[github.com/handsontable/handsontable-pro/graphs/participation48a6.html]
[github.com/handsontable/handsontable-2.html]
[github.com/handsontable/handsontable.com-v2/graphs/participation48a6.html]
[github.com/handsontable/handsontable.com-v2/stargazers.html]
[github.com/handsontable/handsontable.com-v2/network.html]
[github.com/handsontable/docs-pro.html]
[github.com/handsontable/docs-pro/graphs/participation48a6.html]
[github.com/handsontable/docs-pro/network.html]
[github.com/handsontable/docs.html]
[github.com/handsontable/docs/graphs/participation48a6.html]
[github.com/handsontable/docs/stargazers.html]
[github.com/handsontable/docs/network.html]
[github.com/handsontable/formula-parser.html]
[github.com/handsontable/formula-parser/graphs/participation48a6.html]
[github.com/search9147.html]
[github.com/searcha180.html]
[github.com/handsontable/formula-parser/stargazers.html]
[github.com/handsontable/formula-parser/network.html]
[github.com/handsontable/hot-builder/graphs/participation48a6.html]
[github.com/handsontable/angular-handsontable/graphs/participation48a6.html]
[github.com/handsontable/vue-handsontable-official/graphs/participation48a6.html]
[github.com/handsontable/static-files.html]
[github.com/handsontable/static-files/graphs/participation48a6.html]
[github.com/handsontable/formula.html]
[github.com/sutoiku/formula.html]
[github.com/handsontable/formula.js/graphs/participation48a6.html]
[github.com/handsontable/formula.js/stargazers.html]
[github.com/handsontable/formula.js/network.html]
[github.com/handsontable/react-handsontable/graphs/participation48a6.html]
[github.com/handsontable/ngHandsontable.html]
[github.com/handsontable/ngHandsontable/graphs/participation48a6.html]
[github.com/handsontable/ngHandsontable/stargazers.html]
[github.com/handsontable/ngHandsontable/network.html]
[github.com/handsontable/babel-plugin-forbidden-imports.html]
[github.com/handsontable/babel-plugin-forbidden-imports/graphs/participation48a6.html]
[github.com/handsontable/hot-table.html]
[github.com/handsontable/hot-table/graphs/participation48a6.html]
[github.com/handsontable/hot-table/stargazers.html]
[github.com/handsontable/hot-table/network.html]
[github.com/handsontable/handsontable.github.html]
[github.com/handsontable/handsontable.github.io/graphs/participation48a6.html]
[github.com/handsontable/handsontable.github.io/network.html]
[github.com/handsontable/ruleJS.html]
[github.com/handsontable/ruleJS/graphs/participation48a6.html]
[github.com/handsontable/ruleJS/stargazers.html]
[github.com/handsontable/ruleJS/network.html]
[github.com/handsontable/handsontable-ruleJS.html]
[github.com/handsontable/handsontable-ruleJS/graphs/participation48a6.html]
[github.com/handsontable/handsontable-ruleJS/stargazers.html]
[github.com/handsontable/handsontable-ruleJS/network.html]
[github.com/handsontable/handsontable-skeleton.html]
[github.com/handsontable/handsontable-skeleton/graphs/participation48a6.html]
[github.com/handsontable/handsontable-skeleton/stargazers.html]
[github.com/handsontable/handsontable-skeleton/network.html]
[github.com/handsontable/handsontable-3.html]
[github.com/handsontable/handsontable.com-v1/graphs/participation48a6.html]
[github.com/handsontable/handsontable.com-v1/stargazers.html]
[github.com/handsontable/handsontable.com-v1/network.html]
[github.com/handsontable/performance-lab.html]
[github.com/handsontable/performance-lab/graphs/participation48a6.html]
[github.com/handsontable/performance-lab/stargazers.html]
[github.com/handsontable/grunt-hot-builder.html]
[github.com/handsontable/grunt-hot-builder/graphs/participation48a6.html]
[github.com/handsontable/grunt-hot-builder/stargazers.html]
[github.com/handsontable/consulting.handsontable.html]
[github.com/handsontable/consulting.handsontable.com/graphs/participation48a6.html]
[github.com/handsontable/kitchen-sink.html]
[github.com/handsontable/kitchen-sink/graphs/participation48a6.html]
[github.com/handsontable/kitchen-sink/stargazers.html]
[github.com/handsontable/ipad.html]
[github.com/handsontable/ipad/graphs/participation48a6.html]
[github.com/orgs/handsontable/top_languages.html]
[github.com/orgs/handsontable/topics/most_used.html]
[github.com/budnix.html]
[github.com/jansiegel.html]
[github.com/krzysztofspilka.html]
[github.com/swistach.html]
[github.com/wszymanski.html]
[github.com/contact.html]
[github.com/blog.html]
[github.com/about.html]
[assets-cdn.github.com/assets/compat-91f98c37fc84eac24836eec2567e9912742094369a04c4eba6e3cd1fa18902d9.js]
[assets-cdn.github.com/assets/frameworks-143a6f74056707f6b14875ec6ca4f2eb16f5d0781f7e1cb82bd441b4438b43d3.js]
[github.com/handsontable.html]
[assets-cdn.github.com/images/spinners/Jcrop.gif]
[assets-cdn.github.com/assets/github-a3db37c169c8510815dedb0e9bbfda110628b0b4a4fb9652b95642f8e0b0fff2.js]
[assets-cdn.github.com/images/spinners/octocat-spinner-16px.gif]
[assets-cdn.github.com/images/modules/ajax/success.png]
[assets-cdn.github.com/images/modules/ajax/error.png]
[assets-cdn.github.com/images/modules/ajax/success@2x.png]
[assets-cdn.github.com/images/modules/ajax/error@2x.png]
[assets-cdn.github.com/images/modules/pricing/credit-cards-@1x.png]
[assets-cdn.github.com/images/modules/pricing/credit-cards-@2x.png]
[assets-cdn.github.com/images/spinners/octocat-spinner-32-EAF2F5.gif]
[assets-cdn.github.com/assets/frameworks-bedfc518345498ab3204d330c1727cde7e733526a09cd7df6867f6a231565091.css]
[assets-cdn.github.com/images/modules/pulls/progressive-disclosure-line@2x.png]
[assets-cdn.github.com/images/spinners/octocat-spinner-64.gif]
[assets-cdn.github.com/images/spinners/octocat-spinner-128.gif]
[assets-cdn.github.com/images/modules/pagehead/background-yellowhatch-v3.png]
[assets-cdn.github.com/images/spinners/octocat-spinner-16px-EAF2F5.gif]
[assets-cdn.github.com/images/modules/about/about-header.jpg]
[assets-cdn.github.com/images/modules/about/team-header.jpg]
[assets-cdn.github.com/images/modules/about/press-header.jpg]
[assets-cdn.github.com/images/modules/about/jobs-header.jpg]
[assets-cdn.github.com/images/icons/twitter-white.png]
[assets-cdn.github.com/images/icons/twitter.png]
[assets-cdn.github.com/images/modules/jobs/logo.png]
[assets-cdn.github.com/images/modules/commit/trans_bg.gif]
[assets-cdn.github.com/images/icons/ie-notice.png]
[assets-cdn.github.com/images/modules/comments/closed_pattern.gif]
[assets-cdn.github.com/images/modules/orgs/dots-bg.png]
[assets-cdn.github.com/images/modules/settings/2fa_guide.png]
[assets-cdn.github.com/images/modules/settings/2fa_guide@2x.png]
[assets-cdn.github.com/assets/github-a1f1041276ec59b7ad51bdbd35d2d73f15f99aebe2686a60e9cd9f705b57d220.css]
[assets-cdn.github.com/images/modules/site/illflow_window_ui.png]
[assets-cdn.github.com/images/modules/site/business-security-illflow-bg.png]
[assets-cdn.github.com/images/modules/site/pricing-bg.png]
[assets-cdn.github.com/images/modules/site/site-signup-prompt.png]
[assets-cdn.github.com/assets/site-877643c520258c4fa15ac8d1664d84efd0e3db56f5e544ccac58da0e50489904.css]
[assets-cdn.github.com/images/modules/open_graph/github-logo.png]
[assets-cdn.github.com/images/modules/open_graph/github-mark.png]
[assets-cdn.github.com/images/modules/open_graph/github-octocat.png]
[github.com/dashboard.html]
[github.com/login.html]
[github.com/join6a53.html]
[github.com/open-source.html]
[github.com/join75e8.html]
[assets-cdn.github.com/images/modules/site/universe-octoshop.png]
[assets-cdn.github.com/images/modules/site/universe-wordmark.png]
[github.com/join0b02.html]
[github.com/features/code-review.html]
[github.com/features/project-management.html]
[assets-cdn.github.com/images/modules/site/integrators/slackhq.png]
[github.com/features/integrations.html]
[assets-cdn.github.com/images/modules/site/integrators/zenhubio.png]
[assets-cdn.github.com/images/modules/site/integrators/travis-ci.png]
[assets-cdn.github.com/images/modules/site/integrators/atom.png]
[assets-cdn.github.com/images/modules/site/integrators/circleci.png]
[assets-cdn.github.com/images/modules/site/integrators/codeship.png]
[assets-cdn.github.com/images/modules/site/integrators/codeclimate.png]
[github.com/open-source/stories/ariya.html]
[assets-cdn.github.com/images/modules/site/stories/developers/ariya.png]
[assets-cdn.github.com/images/modules/site/stories/developers/freakboy3742.png]
[github.com/open-source/stories/freakboy3742.html]
[assets-cdn.github.com/images/modules/site/stories/customers/mailchimp.png]
[github.com/business/customers/mailchimp.html]
[github.com/open-source/stories/kris-nova.html]
[assets-cdn.github.com/images/modules/site/stories/developers/kris-nova.png]
[github.com/open-source/stories/yyx990803.html]
[assets-cdn.github.com/images/modules/site/stories/developers/yyx990803.png]
[github.com/business/customers/mapbox.html]
[assets-cdn.github.com/images/modules/site/stories/customers/mapbox.png]
[github.com/open-source/stories/jessfraz.html]
[assets-cdn.github.com/images/modules/site/stories/developers/jessfraz.png]
[github.com/personal.html]
[assets-cdn.github.com/images/modules/site/logos/airbnb-logo.png]
[assets-cdn.github.com/images/modules/site/logos/sap-logo.png]
[assets-cdn.github.com/images/modules/site/logos/ibm-logo.png]
[assets-cdn.github.com/images/modules/site/logos/google-logo.png]
[assets-cdn.github.com/images/modules/site/logos/paypal-logo.png]
[assets-cdn.github.com/images/modules/site/logos/bloomberg-logo.png]
[assets-cdn.github.com/images/modules/site/logos/spotify-logo.png]
[assets-cdn.github.com/images/modules/site/logos/swift-logo.png]
[assets-cdn.github.com/images/modules/site/logos/facebook-logo.png]
[assets-cdn.github.com/images/modules/site/logos/node-logo.png]
[assets-cdn.github.com/images/modules/site/logos/nasa-logo.png]
[assets-cdn.github.com/images/modules/site/logos/walmart-logo.png]
[github.com/business/customers.html]
[github.com/about/careers.html]
[github.com/index.html]
[github.com/about/press.html]
[github.com/login2a66.html]
[assets-cdn.github.com/images/modules/site/product-illo/img-propose-changes.png]
[assets-cdn.github.com/images/modules/site/product-illo/img-see-the-difference.png]
[assets-cdn.github.com/images/modules/site/product-illo/img-clear-feedback.png]
[assets-cdn.github.com/images/modules/site/product-illo/img-review-request.png]
[assets-cdn.github.com/images/modules/site/product-illo/img-comment-context.png]
[assets-cdn.github.com/images/modules/site/product-illo/img-protect-branches.png]
[assets-cdn.github.com/images/modules/site/product-illo/img-projects.png]
[assets-cdn.github.com/images/modules/site/product-illo/img-issues.png]
[assets-cdn.github.com/images/modules/site/integrators/appveyor.png]
[github.com/features/code-review/index.html]
[assets-cdn.github.com/images/modules/site/integrators/codacy.png]
[github.com/features/project-management/index.html]
[github.com/features/integrations/index.html]
[github.com/works-with.html]
[assets-cdn.github.com/images/modules/site/logos/atom-logo.png]
[github.com/atom/atom.html]
[assets-cdn.github.com/images/modules/site/logos/electron-logo.png]
[github.com/electron/electron.html]
[assets-cdn.github.com/images/modules/site/logos/hubot-logo.png]
[github.com/hubotio/hubot.html]
[assets-cdn.github.com/images/modules/site/logos/desktop-logo.png]
[assets-cdn.github.com/images/modules/site/logos/lfs-logo.png]
[assets-cdn.github.com/images/modules/site/product-illo/img-manage-grow-teams.png]
[github.com/git-lfs/git-lfs.html]
[assets-cdn.github.com/images/modules/site/product-illo/img-convos-on-topic.png]
[assets-cdn.github.com/images/modules/site/product-illo/img-profile-card.png]
[assets-cdn.github.com/images/modules/site/product-illo/img-github-pages.png]
[github.com/blog/2233-publish-your-project-documentation-with-github-pages.html]
[assets-cdn.github.com/images/modules/site/product-illo/img-wiki.png]
[assets-cdn.github.com/images/modules/site/product-illo/img-code-hosting.png]
[github.com/blog/2299-search-commit-messages.html]
[github.com/blog/2304-navigate-file-history-faster-with-improved-blame-view.html]
[github.com/features.html]
[github.com/join030b.html]
[github.com/logine9f1.html]
[github.com/business/security.html]
[assets-cdn.github.com/images/modules/site/avatars/mapbox-quote.jpg]
[assets-cdn.github.com/images/modules/site/avatars/hubspot-quote.jpg]
[assets-cdn.github.com/images/modules/site/product-illo/phone-auth.png]
[github.com/business.html]
[github.com/loginf87c.html]
[github.com/showcases.html]
[github.com/trending.html]
[github.com/join551c.html]
[github.com/showcases/github-pages-examples.html]
[github.com/showcases/music.html]
[github.com/showcases/data-visualization.html]
[github.com/showcases/software-development-tools.html]
[github.com/showcases/design-essentials.html]
[github.com/showcases/swift.html]
[github.com/showcases/ember-projects.html]
[github.com/showcases/3d-modeling.html]
[github.com/showcases/open-source-organizations.html]
[github.com/explore33bd.html]
[github.com/explore7d61.html]
[github.com/exploreb277.html]
[github.com/mbeaudru.html]
[github.com/mbeaudru/modern-js-cheatsheet.html]
[github.com/brpc.html]
[github.com/brpc/brpc.html]
[github.com/mr-mig.html]
[github.com/mr-mig/every-programmer-should-know.html]
[github.com/jeromeetienne.html]
[github.com/jeromeetienne/AR.html]
[github.com/HVF.html]
[github.com/HVF/franchise.html]
[github.com/salomonelli.html]
[github.com/salomonelli/best-resume-ever.html]
[github.com/join.html]
[assets-cdn.github.com/images/modules/explore/following_stars.v1.png]
[github.com/joinf87c.html]
[github.com/joinc046.html]
[github.com/loginc046.html]
[github.com/explore.html]
[github.com/explore/subscribe.html]
[github.com/login5a87.html]
[github.com/marketplace/blackfire-io.html]
[assets-cdn.github.com/images/modules/marketplace/bg-blackfire.png]
[github.com/marketplace/code-climate.html]
[assets-cdn.github.com/images/modules/marketplace/bg-code-climate.png]
[github.com/marketplace/buddy.html]
[assets-cdn.github.com/images/modules/marketplace/bg-buddy.png]
[github.com/marketplace/gemnasium.html]
[assets-cdn.github.com/images/modules/marketplace/bg-gemnasium.png]
[github.com/marketplace/category/code-quality.html]
[github.com/marketplace/category/code-review.html]
[github.com/marketplace/category/continuous-integration.html]
[github.com/marketplace/category/dependency-management.html]
[github.com/marketplace/category/deployment.html]
[github.com/marketplace/category/localization.html]
[github.com/marketplace/category/monitoring.html]
[github.com/marketplace/category/project-management.html]
[github.com/marketplace/category/security.html]
[github.com/marketplace/airbrake.html]
[github.com/marketplace/snyk.html]
[github.com/marketplace/semaphore.html]
[github.com/marketplace/crowdin.html]
[github.com/marketplace/codecov.html]
[github.com/marketplace/codacy.html]
[github.com/marketplace/codebeat.html]
[github.com/marketplace/styleci.html]
[github.com/marketplace/better-code-hub.html]
[github.com/marketplace/coveralls.html]
[github.com/marketplace/travis-ci.html]
[github.com/marketplace/circleci.html]
[github.com/marketplace/appveyor.html]
[github.com/marketplace/percy.html]
[github.com/marketplace/sentry.html]
[github.com/marketplace/rollbar.html]
[github.com/marketplace/zenhub.html]
[github.com/marketplace/waffle.html]
[github.com/marketplace/codetree.html]
[github.com/marketplace/zube.html]
[github.com/marketplace.html]
[github.com/login59a5.html]
[github.com/login83cc.html]
[github.com/pricing/developer.html]
[github.com/joina355.html]
[github.com/pricing/team.html]
[github.com/join52d3.html]
[github.com/pricing/business-hosted.html]
[github.com/joinfcba.html]
[github.com/pricing/business-enterprise.html]
[github.com/pricing.html]
[github.com/join4aba.html]
[github.com/password_reset.html]
[github.com/login95e3.html]
[github.com/join40c1.html]
[github.com/logincb83.html]
[github.com/join96ac.html]
[github.com/joinaebb.html]
[github.com/login288c.html]
[github.com/orgs/handsontable/people.html]
[github.com/login9c79.html]
[github.com/handsontable/handsontable/commits/master.atom]
[github.com/login5427.html]
[github.com/join3e7a.html]
[github.com/handsontable/handsontable/watchers.html]
[github.com/handsontable/handsontable/issues.html]
[github.com/handsontable/handsontable/pulls.html]
[github.com/handsontable/handsontable/wiki.html]
[github.com/handsontable/handsontable/pulse.html]
[github.com/handsontable/handsontable/graphs/contributors.html]
[github.com/join81a6.html]
[github.com/handsontable/handsontable/commits/master.html]
[github.com/handsontable/handsontable/branches.18e.delayed]
[github.com/handsontable/handsontable/releases.html]
[github.com/handsontable/handsontable/blob/master/LICENSE.html]
[github.com/handsontable/handsontable/searchd9f4.html]
[github.com/handsontable/handsontable/find/master.html]
[github.com/handsontable/handsontable/tree/develop.html]
[github.com/handsontable/handsontable/tree/feature/autocompleteRefactor.html]
[github.com/handsontable/handsontable/tree/feature/bugfix-#902.html]
[github.com/handsontable/handsontable/tree/feature/copypasteError.html]
[github.com/handsontable/handsontable/tree/feature/dom-0-19.html]
[github.com/handsontable/handsontable/tree/feature/formula-support.html]
[github.com/handsontable/handsontable/tree/feature/issue-1657.html]
[github.com/handsontable/handsontable/tree/feature/issue-1780-reopen.html]
[github.com/handsontable/handsontable/tree/feature/issue-2350.html]
[github.com/handsontable/handsontable/tree/feature/issue-2599-reopened.html]
[github.com/handsontable/handsontable/tree/feature/issue-2605.html]
[github.com/handsontable/handsontable/tree/feature/issue-2744.html]
[github.com/handsontable/handsontable/tree/feature/issue-3087.html]
[github.com/handsontable/handsontable/tree/feature/issue-3343.html]
[github.com/handsontable/handsontable/tree/feature/issue-3573.html]
[github.com/handsontable/handsontable/tree/feature/issue-3646.html]
[github.com/handsontable/handsontable/tree/feature/issue-3759.html]
[github.com/handsontable/handsontable/tree/feature/issue-3801.html]
[github.com/handsontable/handsontable/tree/feature/issue-3849.html]
[github.com/handsontable/handsontable/tree/feature/issue-3880.html]
[github.com/handsontable/handsontable/tree/feature/issue-3953.html]
[github.com/handsontable/handsontable/tree/feature/issue-3962.html]
[github.com/handsontable/handsontable/tree/feature/issue-3974.html]
[github.com/handsontable/handsontable/tree/feature/issue-3994.html]
[github.com/handsontable/handsontable/tree/feature/issue-3999.html]
[github.com/handsontable/handsontable/tree/feature/issue-4010.html]
[github.com/handsontable/handsontable/tree/feature/issue-4011.html]
[github.com/handsontable/handsontable/tree/feature/issue-4017.html]
[github.com/handsontable/handsontable/tree/feature/issue-4029.html]
[github.com/handsontable/handsontable/tree/feature/issue-4034.html]
[github.com/handsontable/handsontable/tree/feature/issue-4047.html]
[github.com/handsontable/handsontable/tree/feature/issue-4055.html]
[github.com/handsontable/handsontable/tree/feature/issue-4060.html]
[github.com/handsontable/handsontable/tree/feature/issue-4068.html]
[github.com/handsontable/handsontable/tree/feature/issue-4070-part1.html]
[github.com/handsontable/handsontable/tree/feature/issue-4070-part2.html]
[github.com/handsontable/handsontable/tree/feature/issue-4070-part3.html]
[github.com/handsontable/handsontable/tree/feature/issue-4070-part4.html]
[github.com/handsontable/handsontable/tree/feature/issue-4070.html]
[github.com/handsontable/handsontable/tree/feature/issue-4071.html]
[github.com/handsontable/handsontable/tree/feature/issue-4073.html]
[github.com/handsontable/handsontable/tree/feature/issue-4074.html]
[github.com/handsontable/handsontable/tree/feature/issue-4084.html]
[github.com/handsontable/handsontable/tree/feature/issue-4112.html]
[github.com/handsontable/handsontable/tree/feature/issue-4185.html]
[github.com/handsontable/handsontable/tree/feature/issue-4214.html]
[github.com/handsontable/handsontable/tree/feature/issue-4254.html]
[github.com/handsontable/handsontable/tree/feature/issue-4262.html]
[github.com/handsontable/handsontable/tree/feature/issue-4267.html]
[github.com/handsontable/handsontable/tree/feature/issue-4298.html]
[github.com/handsontable/handsontable/tree/feature/issue-4366.html]
[github.com/handsontable/handsontable/tree/feature/issue-4409.html]
[github.com/handsontable/handsontable/tree/feature/issue-4410.html]
[github.com/handsontable/handsontable/tree/feature/issue-4413.html]
[github.com/handsontable/handsontable/tree/feature/issue-4429.html]
[github.com/handsontable/handsontable/tree/feature/issue-4457.html]
[github.com/handsontable/handsontable/tree/feature/issue-4497.html]
[github.com/handsontable/handsontable/tree/feature/issue-4502.html]
[github.com/handsontable/handsontable/tree/feature/issue-4534.html]
[github.com/handsontable/handsontable/tree/feature/mixedScollableContainer.html]
[github.com/handsontable/handsontable/tree/feature/scrolling-improvement.html]
[github.com/handsontable/handsontable/tree/feature/setCellMetaUpdate.html]
[github.com/handsontable/handsontable/tree/gh-pages.html]
[github.com/handsontable/handsontable/tree/issue-3626_wip.html]
[github.com/handsontable/handsontable/tree/master.html]
[github.com/handsontable/handsontable/tree/move_cell.html]
[github.com/handsontable/handsontable/tree/release/0.34.html]
[github.com/handsontable/handsontable/tree/testScrolling.html]
[github.com/handsontable/handsontable/tree/v0.10.html]
[github.com/handsontable/handsontable/tree/v0.10-2.html]
[github.com/handsontable/handsontable/tree/v0.10-3.html]
[github.com/handsontable/handsontable/tree/v0.10-4.html]
[github.com/handsontable/handsontable/tree/v0.10-5.html]
[github.com/handsontable/handsontable/tree/v0.10-6.html]
[github.com/handsontable/handsontable/tree/v0.10-7.html]
[github.com/handsontable/handsontable/tree/v0.10-8.html]
[github.com/handsontable/handsontable/tree/v0.10-9.html]
[github.com/handsontable/handsontable/tree/v0.10-10.html]
[github.com/handsontable/handsontable/tree/v0.9.html]
[github.com/handsontable/handsontable/tree/v0.9-2.html]
[github.com/handsontable/handsontable/tree/v0.9-3.html]
[github.com/handsontable/handsontable/tree/v0.9-4.html]
[github.com/handsontable/handsontable/tree/v0.9-5.html]
[github.com/handsontable/handsontable/tree/v0.9-6.html]
[github.com/handsontable/handsontable/tree/v0.9-7.html]
[github.com/handsontable/handsontable/tree/v0.9-8.html]
[github.com/handsontable/handsontable/tree/v0.9-9.html]
[github.com/handsontable/handsontable/tree/v0.9-10.html]
[github.com/handsontable/handsontable/tree/v0.9-11.html]
[github.com/handsontable/handsontable/tree/v0.9-12.html]
[github.com/handsontable/handsontable/tree/v0.9-13.html]
[github.com/handsontable/handsontable/tree/v0.9-14.html]
[github.com/handsontable/handsontable/tree/v0.9-15.html]
[github.com/handsontable/handsontable/tree/v0.9-16.html]
[github.com/handsontable/handsontable/tree/v0.9-17.html]
[github.com/handsontable/handsontable/tree/v0.9-18.html]
[github.com/handsontable/handsontable/tree/v0.9-19.html]
[github.com/handsontable/handsontable/tree/v0.9-20.html]
[github.com/handsontable/handsontable/tree/v0.9-21.html]
[github.com/handsontable/handsontable/tree/v0.9-22.html]
[github.com/handsontable/handsontable/tree/v0.8.html]
[github.com/handsontable/handsontable/tree/v0.8-2.html]
[github.com/handsontable/handsontable/tree/v0.8-3.html]
[github.com/handsontable/handsontable/tree/v0.8-4.html]
[github.com/handsontable/handsontable/tree/v0.8-5.html]
[github.com/handsontable/handsontable/tree/v0.8-6.html]
[github.com/handsontable/handsontable/tree/v0.8-7.html]
[github.com/handsontable/handsontable/tree/v0.8-8.html]
[github.com/handsontable/handsontable/tree/v0.8-9.html]
[github.com/handsontable/handsontable/tree/v0.8-10.html]
[github.com/handsontable/handsontable/tree/v0.8-11.html]
[github.com/handsontable/handsontable/tree/v0.8-12.html]
[github.com/handsontable/handsontable/tree/v0.8-13.html]
[github.com/handsontable/handsontable/tree/v0.8-14.html]
[github.com/handsontable/handsontable/tree/v0.8-15.html]
[github.com/handsontable/handsontable/tree/v0.8-16.html]
[github.com/handsontable/handsontable/tree/v0.8-17.html]
[github.com/handsontable/handsontable/tree/v0.8-18.html]
[github.com/handsontable/handsontable/tree/v0.8-19.html]
[github.com/handsontable/handsontable/tree/v0.8-20.html]
[github.com/handsontable/handsontable/tree/v0.8-21.html]
[github.com/handsontable/handsontable/tree/v0.8-22.html]
[github.com/handsontable/handsontable/tree/v0.8-23.html]
[github.com/handsontable/handsontable/tree/v0.8-24.html]
[github.com/handsontable/handsontable/tree/v0.8-25.html]
[github.com/handsontable/handsontable/tree/v0.8-26.html]
[github.com/handsontable/handsontable/tree/v0.8-27.html]
[github.com/handsontable/handsontable/tree/v0.7.html]
[github.com/handsontable/handsontable/tree/v0.7-2.html]
[github.com/handsontable/handsontable/tree/v0.7-3.html]
[github.com/handsontable/handsontable/tree/v0.7-4.html]
[github.com/handsontable/handsontable/tree/v0.7-5.html]
[github.com/handsontable/handsontable/tree/v0.7-6.html]
[github.com/handsontable/handsontable/tree/v0.6.html]
[github.com/handsontable/handsontable/tree/v0.5.html]
[github.com/handsontable/handsontable/tree/v0.4.html]
[github.com/handsontable/handsontable/tree/v0.4-2.html]
[github.com/handsontable/handsontable/tree/v0.4-3.html]
[github.com/handsontable/handsontable/tree/0.34.html]
[github.com/handsontable/handsontable/tree/0.34-2.html]
[github.com/handsontable/handsontable/tree/0.34-3.html]
[github.com/handsontable/handsontable/tree/0.34-4.html]
[github.com/handsontable/handsontable/tree/0.34-5.html]
[github.com/handsontable/handsontable/tree/0.33.html]
[github.com/handsontable/handsontable/tree/0.32.html]
[github.com/handsontable/handsontable/tree/0.32-2.html]
[github.com/handsontable/handsontable/tree/0.32-3.html]
[github.com/handsontable/handsontable/tree/0.31.html]
[github.com/handsontable/handsontable/tree/0.31-2.html]
[github.com/handsontable/handsontable/tree/0.31-3.html]
[github.com/handsontable/handsontable/tree/0.30.html]
[github.com/handsontable/handsontable/tree/0.30-2.html]
[github.com/handsontable/handsontable/tree/0.29.html]
[github.com/handsontable/handsontable/tree/0.29-2.html]
[github.com/handsontable/handsontable/tree/0.29-3.html]
[github.com/handsontable/handsontable/tree/0.28.html]
[github.com/handsontable/handsontable/tree/0.28-2.html]
[github.com/handsontable/handsontable/tree/0.28-3.html]
[github.com/handsontable/handsontable/tree/0.28-4.html]
[github.com/handsontable/handsontable/tree/0.28-5.html]
[github.com/handsontable/handsontable/tree/0.27.html]
[github.com/handsontable/handsontable/tree/0.26.html]
[github.com/handsontable/handsontable/tree/0.26-2.html]
[github.com/handsontable/handsontable/tree/0.25.html]
[github.com/handsontable/handsontable/tree/0.25-2.html]
[github.com/handsontable/handsontable/tree/0.24.html]
[github.com/handsontable/handsontable/tree/0.24-2.html]
[github.com/handsontable/handsontable/tree/0.24-3.html]
[github.com/handsontable/handsontable/commit/7362ea024667937dfabf626bd73dce4e2d8cf2de.html]
[github.com/handsontable/handsontable/tree/7362ea024667937dfabf626bd73dce4e2d8cf2de.html]
[github.com/handsontable/handsontable/tree/master/.html]
[github.com/handsontable/handsontable/commit/57abb0cf58ecab390396c51b6ec641a910dd64d2.html]
[github.com/handsontable/handsontable/tree/master/-2.html]
[github.com/handsontable/handsontable/commit/6ff32be53dd58402deaa38f41c4637962722155c.html]
[github.com/handsontable/handsontable/pull/4473.html]
[github.com/handsontable/handsontable/tree/master/demo.html]
[github.com/handsontable/handsontable/commit/df5f489bac24fab7dfef274986fa00f18f7e1330.html]
[github.com/handsontable/handsontable/tree/master/dist.html]
[github.com/handsontable/handsontable/commit/26afec8306bbfd20f59306274e4fadaa976fd440.html]
[github.com/handsontable/handsontable/tree/master/lib.html]
[github.com/handsontable/handsontable/commit/14fa7cdb20deab0412529cfd91fdb0534b92351c.html]
[github.com/handsontable/handsontable/issues/4386.html]
[github.com/handsontable/handsontable/tree/master/src.html]
[github.com/handsontable/handsontable/commit/9089411730d73fa4b424670840d3dd7c3a01017d.html]
[github.com/handsontable/handsontable/issues/4514.html]
[github.com/handsontable/handsontable/tree/master/test.html]
[github.com/handsontable/handsontable/commit/1e18f551fc806bff459a217684a91c29534f62ce.html]
[github.com/handsontable/handsontable/issues/4304.html]
[github.com/handsontable/handsontable/pull/4401.html]
[github.com/handsontable/handsontable/blob/master/.html]
[github.com/handsontable/handsontable/commit/f6aad6bb60455fd2f972d69a6a6016c1e5ccc211.html]
[github.com/handsontable/handsontable/blob/master/-2.html]
[github.com/handsontable/handsontable/commit/832f206784a449ccf8ec8029cdc719e3c2d4f5ad.html]
[github.com/handsontable/handsontable/blob/master/-3.html]
[github.com/handsontable/handsontable/commit/5849cca12c3fc17765f2392f37d16c99d2e54923.html]
[github.com/handsontable/handsontable/blob/master/-4.html]
[github.com/handsontable/handsontable/commit/226ce27d594e577ede00d09ba76817b8a37de866.html]
[github.com/handsontable/handsontable/blob/master/-5.html]
[github.com/handsontable/handsontable/commit/0377d90521fc3252795d522b2c1474fcbe403b4f.html]
[github.com/handsontable/handsontable/issues/4366.html]
[github.com/handsontable/handsontable/blob/master/-6.html]
[github.com/handsontable/handsontable/commit/8ad80a7743e140fa2a919a13d43e2d7e31a75ae3.html]
[github.com/handsontable/handsontable/blob/master/-7.html]
[github.com/handsontable/handsontable/blob/master/-8.html]
[github.com/handsontable/handsontable/commit/72ddbb946ec5f418ad25c9f7e58bdf93d4e2718c.html]
[github.com/handsontable/handsontable/issues/4070.html]
[github.com/handsontable/handsontable/blob/master/.travis.html]
[github.com/handsontable/handsontable/commit/e5ecc7f40c50a3b404ac1890ce00decd931b7690.html]
[github.com/handsontable/handsontable/blob/master/CHANGELOG.html]
[github.com/handsontable/handsontable/commit/ab71720a73d140acb6483243aaea84466561b9f2.html]
[github.com/handsontable/handsontable/blob/master/CNAME.html]
[github.com/handsontable/handsontable/commit/22e6661d065ce50bd65d322ff0c14c26fa34f194.html]
[github.com/handsontable/handsontable/blob/master/CONTRIBUTING.html]
[github.com/handsontable/handsontable/commit/14cd919b1c902a22ac57456349a6862be058aca8.html]
[github.com/handsontable/handsontable/blob/master/Gruntfile.html]
[github.com/handsontable/handsontable/commit/957ebfd08e056c47751e99a972a0cdd0403bb1f3.html]
[github.com/handsontable/handsontable/commit/e72e052e89c5de43406ae434b384a2e163dc2a23.html]
[github.com/handsontable/handsontable/blob/master/README.html]
[github.com/handsontable/handsontable/commit/1abf87069fcaeabd5c77434521f6e5cbb11b9918.html]
[github.com/handsontable/handsontable/blob/master/bower.html]
[github.com/handsontable/handsontable/commit/5778344addcfbe92049fd89a528d2ce649675496.html]
[github.com/handsontable/handsontable/issues/4234.html]
[github.com/handsontable/handsontable/blob/master/handsontable.d.html]
[github.com/handsontable/handsontable/commit/e75c68ff4be2d606e886a35b8ca8313068eea7c0.html]
[github.com/handsontable/handsontable/blob/master/handsontable.jquery.html]
[github.com/handsontable/handsontable/blob/master/hot.config.html]
[github.com/handsontable/handsontable/blob/master/index.html]
[github.com/handsontable/handsontable/commit/d2d4835d675c30ee3b64e35fa4386b86c3b90e55.html]
[github.com/handsontable/handsontable/issues/3371.html]
[github.com/handsontable/handsontable/blob/master/package.html]
[github.com/handsontable/handsontable/blob/master/package-lock.html]
[github.com/handsontable/handsontable/blob/master/update.html]
[github.com/handsontable/handsontable/blob/master/webpack.config.html]
[github.com/handsontable/handsontable/commit/8febc1ab77c6687af9bfadea4cff7fd2cf45daed.html]
[github.com/handsontable/handsontable/blob/master/yarn.html]
[github.com/handsontable/handsontable/commit/88283b3c703b6c11032a9783499974cb3b814eee.html]
[github.com/handsontable/handsontable/issues/4508.html]
[raw.githubusercontent.com/handsontable/static-files/master/Images/Logo/Handsontable/Handsontable-logo-300-74-new.png]
[raw.githubusercontent.com/handsontable/static-files/master/Images/Screenshots/handsontable-ce-showcase.png]
[github.com/handsontable/handsontable.html]
[github.com/login8b03.html]
[github.com/logine597.html]
[github.com/wildhaber.html]
[github.com/alynsenness.html]
[github.com/saxenanurag.html]
[github.com/kingyang.html]
[github.com/6220119.html]
[github.com/Caltrate.html]
[github.com/kuil09.html]
[github.com/miikkaa.html]
[github.com/HouZhiping.html]
[github.com/jets-.html]
[github.com/jamescarlos.html]
[github.com/kuba86.html]
[github.com/RubbelDieKatz.html]
[github.com/BluesMao.html]
[github.com/melloware.html]
[github.com/kamirbarron.html]
[github.com/ryanashcraft.html]
[github.com/culmjoker.html]
[github.com/tamer1an.html]
[github.com/Dirken.html]
[github.com/handsontable/handsontable/stargazers.html]
[github.com/handsontable/handsontable/network.html]
[github.com/handsontable/handsontable-pro.html]
[github.com/handsontable/handsontable-pro/stargazers.html]
[github.com/handsontable/handsontable-pro/network.html]
[github.com/handsontable/angular-handsontable.html]
[github.com/handsontable/angular-handsontable/stargazers.html]
[github.com/handsontable/angular-handsontable/network.html]
[github.com/handsontable/react-handsontable.html]
[github.com/handsontable/react-handsontable/stargazers.html]
[github.com/handsontable/react-handsontable/network.html]
[github.com/handsontable/vue-handsontable-official.html]
[github.com/handsontable/vue-handsontable-official/stargazers.html]
[github.com/handsontable/vue-handsontable-official/network.html]
[github.com/handsontable/hot-builder.html]
[github.com/handsontable/hot-builder/stargazers.html]
[github.com/handsontable/hot-builder/network.html]
[github.com/handsontable/handsontable/graphs/participation48a6.html]
[github.com/search1c76.html]
[github.com/searchddfb.html]
[github.com/searche652.html]
[github.com/search3d4d.html]
[github.com/search8797.html]
[github.com/search4b96.html]
[github.com/search495d.html]
[github.com/handsontable/handsontable-pro/graphs/participation48a6.html]
[github.com/handsontable/handsontable-2.html]
[github.com/handsontable/handsontable.com-v2/graphs/participation48a6.html]
[github.com/handsontable/handsontable.com-v2/stargazers.html]
[github.com/handsontable/handsontable.com-v2/network.html]
[github.com/handsontable/docs-pro.html]
[github.com/handsontable/docs-pro/graphs/participation48a6.html]
[github.com/handsontable/docs-pro/network.html]
[github.com/handsontable/docs.html]
[github.com/handsontable/docs/graphs/participation48a6.html]
[github.com/handsontable/docs/stargazers.html]
[github.com/handsontable/docs/network.html]
[github.com/handsontable/formula-parser.html]
[github.com/handsontable/formula-parser/graphs/participation48a6.html]
[github.com/search9147.html]
[github.com/searcha180.html]
[github.com/search2edb.html]
[github.com/search0796.html]
[github.com/handsontable/formula-parser/stargazers.html]
[github.com/handsontable/formula-parser/network.html]
[github.com/handsontable/hot-builder/graphs/participation48a6.html]
[github.com/search6bd1.html]
[github.com/searchde83.html]
[github.com/search5bed.html]
[github.com/handsontable/angular-handsontable/graphs/participation48a6.html]
[github.com/search4751.html]
[github.com/search21e8.html]
[github.com/search0ea3.html]
[github.com/search5d97.html]
[github.com/handsontable/vue-handsontable-official/graphs/participation48a6.html]
[github.com/searchff37.html]
[github.com/searchb788.html]
[github.com/handsontable/static-files.html]
[github.com/handsontable/static-files/graphs/participation48a6.html]
[github.com/handsontable/formula.html]
[github.com/sutoiku/formula.html]
[github.com/handsontable/formula.js/graphs/participation48a6.html]
[github.com/handsontable/formula.js/stargazers.html]
[github.com/handsontable/formula.js/network.html]
[github.com/handsontable/react-handsontable/graphs/participation48a6.html]
[github.com/search5dbd.html]
[github.com/searcha70c.html]
[github.com/handsontable/ngHandsontable.html]
[github.com/handsontable/ngHandsontable/graphs/participation48a6.html]
[github.com/searchd185.html]
[github.com/handsontable/ngHandsontable/stargazers.html]
[github.com/handsontable/ngHandsontable/network.html]
[github.com/handsontable/babel-plugin-forbidden-imports.html]
[github.com/handsontable/babel-plugin-forbidden-imports/graphs/participation48a6.html]
[github.com/searcha446.html]
[github.com/search9b86.html]
[github.com/handsontable/hot-table.html]
[github.com/handsontable/hot-table/graphs/participation48a6.html]
[github.com/search4137.html]
[github.com/search773c.html]
[github.com/handsontable/hot-table/stargazers.html]
[github.com/handsontable/hot-table/network.html]
[github.com/handsontable/handsontable.github.html]
[github.com/handsontable/handsontable.github.io/graphs/participation48a6.html]
[github.com/handsontable/handsontable.github.io/network.html]
[github.com/handsontable/ruleJS.html]
[github.com/handsontable/ruleJS/graphs/participation48a6.html]
[github.com/handsontable/ruleJS/stargazers.html]
[github.com/handsontable/ruleJS/network.html]
[github.com/handsontable/handsontable-ruleJS.html]
[github.com/handsontable/handsontable-ruleJS/graphs/participation48a6.html]
[github.com/handsontable/handsontable-ruleJS/stargazers.html]
[github.com/handsontable/handsontable-ruleJS/network.html]
[github.com/handsontable/handsontable-skeleton.html]
[github.com/handsontable/handsontable-skeleton/graphs/participation48a6.html]
[github.com/handsontable/handsontable-skeleton/stargazers.html]
[github.com/handsontable/handsontable-skeleton/network.html]
[github.com/handsontable/handsontable-3.html]
[github.com/handsontable/handsontable.com-v1/graphs/participation48a6.html]
[github.com/handsontable/handsontable.com-v1/stargazers.html]
[github.com/handsontable/handsontable.com-v1/network.html]
[github.com/rmaksim.html]
[github.com/handsontable/performance-lab.html]
[github.com/handsontable/performance-lab/graphs/participation48a6.html]
[github.com/handsontable/performance-lab/stargazers.html]
[github.com/handsontable/grunt-hot-builder.html]
[github.com/handsontable/grunt-hot-builder/graphs/participation48a6.html]
